// Vitest Snapshot v1, https://vitest.dev/guide/snapshot.html

exports[`SVG renderers > escapes badge content and matches the snapshot 1`] = `
"<?xml version="1.0" encoding="UTF-8"?>
<svg xmlns="http://www.w3.org/2000/svg" width="164" height="24" role="img" aria-label="Free Ride &lt;Unlimited&gt; downloads &lt;all&gt;: 32.5k">
  <title>Free Ride &lt;Unlimited&gt; downloads &lt;all&gt;: 32.5k</title>
  <rect width="114" height="24" rx="12" fill="#1f2937" stroke="#0f172a" />
  <rect x="102" width="62" height="24" rx="12" fill="#0f766e" stroke="#0f172a" />
  <rect x="113" y="3" width="1" height="18" fill="rgba(255,255,255,0.18)" />
  <g fill="#f8fafc" font-family="Verdana, DejaVu Sans, sans-serif" font-size="11">
    <text x="57" y="15" text-anchor="middle">downloads &lt;all&gt;</text>
    <text x="139" y="15" text-anchor="middle">32.5k</text>
  </g>
</svg>"
`;

exports[`SVG renderers > renders the summary card snapshot 1`] = `
"<?xml version="1.0" encoding="UTF-8"?>
<svg xmlns="http://www.w3.org/2000/svg" width="420" height="244" role="img" aria-labelledby="card-title card-desc">
  <defs>
      <linearGradient id="bg-dark" x1="0%" x2="100%" y1="0%" y2="100%">
        <stop offset="0%" stop-color="#0f172a" />
        <stop offset="100%" stop-color="#111827" />
      </linearGradient>
    </defs>
  <title id="card-title">Free Ride &lt;Unlimited&gt; on ClawHub</title>
  <desc id="card-desc">Unlimited free AI access for demos &amp; experiments.</desc>
  <rect width="420" height="244" rx="28" fill="url(#bg-dark)" />
  <rect x="14" y="14" width="392" height="216" rx="24" fill="#0b1220" stroke="#1e293b" />
  <circle cx="366" cy="42" r="28" fill="#1e3a8a" opacity="0.9" />
  <circle cx="388" cy="72" r="18" fill="#60a5fa" opacity="0.22" />
  <text x="28" y="42" fill="#f8fafc" font-family="Verdana, DejaVu Sans, sans-serif" font-size="26" font-weight="700">Free Ride &lt;Unlimited&gt;</text>
  <rect x="28" y="56" width="88" height="28" rx="14" fill="#111827" />
  <text x="42" y="74" fill="#dbeafe" font-family="Verdana, DejaVu Sans, sans-serif" font-size="13">v1.0.4</text>
  <text x="28" y="102" fill="#cbd5e1" font-family="Verdana, DejaVu Sans, sans-serif" font-size="13">Unlimited free AI access for demos &amp; experiments.</text>
  <text x="28" y="122" fill="#94a3b8" font-family="Verdana, DejaVu Sans, sans-serif" font-size="12">by @shaivpidadi • Updated Feb 2026</text>
  <g transform="translate(26 144)">
        <rect width="88" height="62" rx="16" fill="#111827" stroke="#1e293b" />
        <text x="12" y="24" fill="#94a3b8" font-family="Verdana, DejaVu Sans, sans-serif" font-size="10">Downloads</text>
        <text x="12" y="44" fill="#f8fafc" font-family="Verdana, DejaVu Sans, sans-serif" font-size="18" font-weight="700">32.5k</text>
      </g><g transform="translate(126 144)">
        <rect width="88" height="62" rx="16" fill="#111827" stroke="#1e293b" />
        <text x="12" y="24" fill="#94a3b8" font-family="Verdana, DejaVu Sans, sans-serif" font-size="10">Installed now</text>
        <text x="12" y="44" fill="#f8fafc" font-family="Verdana, DejaVu Sans, sans-serif" font-size="18" font-weight="700">180</text>
      </g><g transform="translate(226 144)">
        <rect width="88" height="62" rx="16" fill="#111827" stroke="#1e293b" />
        <text x="12" y="24" fill="#94a3b8" font-family="Verdana, DejaVu Sans, sans-serif" font-size="10">Installed ever</text>
        <text x="12" y="44" fill="#f8fafc" font-family="Verdana, DejaVu Sans, sans-serif" font-size="18" font-weight="700">183</text>
      </g><g transform="translate(326 144)">
        <rect width="88" height="62" rx="16" fill="#111827" stroke="#1e293b" />
        <text x="12" y="24" fill="#94a3b8" font-family="Verdana, DejaVu Sans, sans-serif" font-size="10">Stars</text>
        <text x="12" y="44" fill="#f8fafc" font-family="Verdana, DejaVu Sans, sans-serif" font-size="18" font-weight="700">248</text>
      </g>
</svg>"
`;
